
> next-admission-erp@0.1.0 build
> next build

   Γû▓ Next.js 15.5.18
   - Environments: .env.local

   Creating an optimized production build ...
 Γ£ô Compiled successfully in 1632ms
   Linting and checking validity of types ...
   Collecting page data ...
   Generating static pages (0/5) ...
npm : ΓÜá∩╕Å  Node.js 18 and below are deprecated and will no longer be 
supported in future versions of @supabase/supabase-js. Please upgrade to 
Node.js 20 or later. For more information, visit: 
https://github.com/orgs/supabase/discussions/37217
At line:1 char:50
+ ... ocation h:\Project_2@0\next-admission-erp; npm run build 2>&1 | Tee-O ...
+                                                ~~~~~~~~~~~~~~~~~~
    + CategoryInfo          : NotSpecified: (ΓÜá∩╕Å  Node.js...scussions/37217 
   :String) [], RemoteException
    + FullyQualifiedErrorId : NativeCommandError
 
   Generating static pages (1/5) 
   Generating static pages (2/5) 
   Generating static pages (3/5) 
 Γ£ô Generating static pages (5/5)
   Finalizing page optimization ...
   Collecting build traces ...

Route (app)                                 Size  First Load JS
Γöî Γùï /                                      120 B         103 kB
Γö£ Γùï /_not-found                            996 B         103 kB
Γöö Γùï /enrollment                          63.8 kB         166 kB
+ First Load JS shared by all             102 kB
  Γö£ chunks/255-4f84124391a7dac4.js       46.3 kB
  Γö£ chunks/4bd1b696-c023c6e3521b1417.js  54.2 kB
  Γöö other shared chunks (total)          1.96 kB


Γùï  (Static)  prerendered as static content

